// Jest Snapshot v1, https://goo.gl/fbAQLP

exports[`it works 1`] = `
.c0 {
  display: block;
}

<div>
  <div
    class="c0"
  />
</div>
`;
